
Sandhya@LAPTOP-PNCRG48N MINGW64 ~/Desktop/finalgit/3q (master)
$ git init
Initialized empty Git repository in C:/Users/Sandhya/Desktop/finalgit/3q/.git/

Sandhya@LAPTOP-PNCRG48N MINGW64 ~/Desktop/finalgit/3q (master)
$ vi t1.c

Sandhya@LAPTOP-PNCRG48N MINGW64 ~/Desktop/finalgit/3q (master)
$ vi t2.c

Sandhya@LAPTOP-PNCRG48N MINGW64 ~/Desktop/finalgit/3q (master)
$ vi t3.log

Sandhya@LAPTOP-PNCRG48N MINGW64 ~/Desktop/finalgit/3q (master)
$ vi t4.log

Sandhya@LAPTOP-PNCRG48N MINGW64 ~/Desktop/finalgit/3q (master)
$ git status
On branch master

No commits yet

Untracked files:
  (use "git add <file>..." to include in what will be committed)
        t1.c
        t2.c
        t3.log
        t4.log

nothing added to commit but untracked files present (use "git add" to track)

Sandhya@LAPTOP-PNCRG48N MINGW64 ~/Desktop/finalgit/3q (master)
$ vi .gitignore

Sandhya@LAPTOP-PNCRG48N MINGW64 ~/Desktop/finalgit/3q (master)
$ git commit -m"ignored"
On branch master

Initial commit

Untracked files:
  (use "git add <file>..." to include in what will be committed)
        .gitignore
        t2.c

nothing added to commit but untracked files present (use "git add" to track)

Sandhya@LAPTOP-PNCRG48N MINGW64 ~/Desktop/finalgit/3q (master)
$ git status
On branch master

No commits yet

Untracked files:
  (use "git add <file>..." to include in what will be committed)
        .gitignore
        t2.c

nothing added to commit but untracked files present (use "git add" to track)

Sandhya@LAPTOP-PNCRG48N MINGW64 ~/Desktop/finalgit/3q (master)
$ git add .gitignore
warning: in the working copy of '.gitignore', LF will be replaced by CRLF the next time Git touches it

Sandhya@LAPTOP-PNCRG48N MINGW64 ~/Desktop/finalgit/3q (master)
$ git commit -m"ignored"
[master (root-commit) cb5991a] ignored
 1 file changed, 9 insertions(+)
 create mode 100644 .gitignore

Sandhya@LAPTOP-PNCRG48N MINGW64 ~/Desktop/finalgit/3q (master)
$ git status
On branch master
Untracked files:
  (use "git add <file>..." to include in what will be committed)
        t2.c

nothing added to commit but untracked files present (use "git add" to track)

Sandhya@LAPTOP-PNCRG48N MINGW64 ~/Desktop/finalgit/3q (master)
$ cat .gitignore
*log
t1.c*log
t1.c*log
t1.c*log
t1.c*log
t1.c*log
t1.c*log
t1.c*log
t1.c

Sandhya@LAPTOP-PNCRG48N MINGW64 ~/Desktop/finalgit/3q (master)
$ vi .gitignore

Sandhya@LAPTOP-PNCRG48N MINGW64 ~/Desktop/finalgit/3q (master)
$ git add .gitignore
warning: in the working copy of '.gitignore', LF will be replaced by CRLF the next time Git touches it

Sandhya@LAPTOP-PNCRG48N MINGW64 ~/Desktop/finalgit/3q (master)
$ git commit -m"ignored"
[master 8922ccd] ignored
 1 file changed, 1 insertion(+), 8 deletions(-)

Sandhya@LAPTOP-PNCRG48N MINGW64 ~/Desktop/finalgit/3q (master)
$ git status
On branch master
Untracked files:
  (use "git add <file>..." to include in what will be committed)
        t2.c

nothing added to commit but untracked files present (use "git add" to track)

Sandhya@LAPTOP-PNCRG48N MINGW64 ~/Desktop/finalgit/3q (master)
$ cat .gitignore
*.log
t1.c

Sandhya@LAPTOP-PNCRG48N MINGW64 ~/Desktop/finalgit/3q (master)
$ mkdir dir1

Sandhya@LAPTOP-PNCRG48N MINGW64 ~/Desktop/finalgit/3q (master)
$ cd dir1

Sandhya@LAPTOP-PNCRG48N MINGW64 ~/Desktop/finalgit/3q/dir1 (master)
$ vi c.txt

Sandhya@LAPTOP-PNCRG48N MINGW64 ~/Desktop/finalgit/3q/dir1 (master)
$ cd ..

Sandhya@LAPTOP-PNCRG48N MINGW64 ~/Desktop/finalgit/3q (master)
$ git status
On branch master
Untracked files:
  (use "git add <file>..." to include in what will be committed)
        dir1/
        t2.c

nothing added to commit but untracked files present (use "git add" to track)

Sandhya@LAPTOP-PNCRG48N MINGW64 ~/Desktop/finalgit/3q (master)
$ vi .gitignore

Sandhya@LAPTOP-PNCRG48N MINGW64 ~/Desktop/finalgit/3q (master)
$ git add .gitignore
warning: in the working copy of '.gitignore', LF will be replaced by CRLF the next time Git touches it

Sandhya@LAPTOP-PNCRG48N MINGW64 ~/Desktop/finalgit/3q (master)
$ git commit -m"ignored"
[master cd8a30f] ignored
 1 file changed, 1 insertion(+)

Sandhya@LAPTOP-PNCRG48N MINGW64 ~/Desktop/finalgit/3q (master)
$ git status
On branch master
Untracked files:
  (use "git add <file>..." to include in what will be committed)
        t2.c

nothing added to commit but untracked files present (use "git add" to track)

Sandhya@LAPTOP-PNCRG48N MINGW64 ~/Desktop/finalgit/3q (master)
$ cat .gitignore
*.log
t1.c
dir1/

Sandhya@LAPTOP-PNCRG48N MINGW64 ~/Desktop/finalgit/3q (master)
$
